// Jest Snapshot v1, https://goo.gl/fbAQLP

exports[`parse 1`] = `
Array [
  Object {
    "amount": -7.73,
    "date": "2019-12-05",
    "memo": "",
    "payee": "EXPRESS GENT ST LIEVENSPOGENT BE",
  },
  Object {
    "amount": -7.2,
    "date": "2019-12-05",
    "memo": "",
    "payee": "BON'AP MERELBEKE MERELBEKE BE",
  },
  Object {
    "amount": -6.32,
    "date": "2019-12-04",
    "memo": "",
    "payee": "BON'AP MERELBEKE MERELBEKE BE",
  },
  Object {
    "amount": -3.2,
    "date": "2019-12-04",
    "memo": "",
    "payee": "BON'AP MERELBEKE MERELBEKE BE",
  },
  Object {
    "amount": -10.8,
    "date": "2019-12-03",
    "memo": "",
    "payee": "BON'AP MERELBEKE MERELBEKE BE",
  },
  Object {
    "amount": -1.49,
    "date": "2019-12-02",
    "memo": "",
    "payee": "RENMANS 2240 MERELBEKE MERELBEKE BE",
  },
  Object {
    "amount": -24.43,
    "date": "2019-12-02",
    "memo": "",
    "payee": "ALDI 2081 MERELBEKE TIENEN BE",
  },
  Object {
    "amount": -5.28,
    "date": "2019-12-02",
    "memo": "",
    "payee": "BON'AP MERELBEKE MERELBEKE BE",
  },
  Object {
    "amount": -6.7,
    "date": "2019-11-28",
    "memo": "",
    "payee": "BON'AP MERELBEKE MERELBEKE BE",
  },
  Object {
    "amount": -21.75,
    "date": "2019-11-27",
    "memo": "",
    "payee": "LEDEBERG RETAIL LEDEBERG BE",
  },
]
`;
